// Jest Snapshot v1, https://goo.gl/fbAQLP

exports[`matches snapshot 1`] = `
<Switch>
  <Route
    exact={true}
    path="/"
    render={[Function]}
  />
  <Route
    exact={true}
    path="/new"
    render={[Function]}
  />
  <Route
    exact={true}
    path="/posts/:postId"
    render={[Function]}
  />
  <Route
    render={[Function]}
  />
</Switch>
`;
